<html>
<body>
<pre>
<h1>µVision Build Log</h1>
<h2>Tool Versions:</h2>
IDE-Version: ¦ÌVision V5.25.2.0
Copyright (C) 2018 ARM Ltd and ARM Germany GmbH. All rights reserved.
License Information: X X, X, LIC=VGX2Z-JDYD2-9GZ70-B627N-JGC97-3V7RD
 
Tool Versions:
Toolchain:       MDK-ARM Plus  Version: 5.25.2.0
Toolchain Path:  I:\Keil_v5\ARM\ARMCC\Bin
C Compiler:      Armcc.exe V5.06 update 6 (build 750)
Assembler:       Armasm.exe V5.06 update 6 (build 750)
Linker/Locator:  ArmLink.exe V5.06 update 6 (build 750)
Library Manager: ArmAr.exe V5.06 update 6 (build 750)
Hex Converter:   FromElf.exe V5.06 update 6 (build 750)
CPU DLL:         SARMCM3.DLL V5.25.2.0
Dialog DLL:      DARMCM1.DLL V1.19.1.0
Target DLL:      Segger\JL2CM3.dll V2.99.29.0
Dialog DLL:      TARMCM1.DLL V1.14.0.0
 
<h2>Project:</h2>
F:\KEA128\¹úÈü 8-25 D ÐÂ\Projecct\MDK\KEA128.uvprojx
Project File Date:  08/30/2018

<h2>Output:</h2>
*** Using Compiler 'V5.06 update 6 (build 750)', folder: 'I:\Keil_v5\ARM\ARMCC\Bin'
Build target 'KEA128'
compiling main.c...
compiling loop.c...
compiling System.c...
compiling Control.c...
compiling PID.c...
compiling EM.c...
compiling Search.c...
compiling filter.c...
compiling MPU6050.c...
compiling ADRC.c...
compiling ANO_Data_Transfer.c...
compiling My_I2C.c...
linking...
Program Size: Code=24596 RO-data=2684 RW-data=1768 ZI-data=3832  
".\Objects\KEA128.axf" - 0 Error(s), 0 Warning(s).

<h2>Software Packages used:</h2>

Package Vendor: Keil
                http://www.keil.com/pack/Keil.Kinetis_KEAxx_DFP.1.2.0.pack
                Keil.Kinetis_KEAxx_DFP.1.2.0
                Freescale Kinetis KEAxx Series Device Support and Examples

<h2>Collection of Component include folders:</h2>
  .\RTE\_KEA128
  I:\Keil_v5\ARM\PACK\Keil\Kinetis_KEAxx_DFP\1.2.0\Device\Include

<h2>Collection of Component Files used:</h2>
Build Time Elapsed:  00:00:05
</pre>
</body>
</html>
